Opening file: test.txt
Working with file_handle_test.txt
Closing file: test.txt
File operation completed