Before function call
Hello from decorated function!
After function call
Result: greeting completed