Squares: [1, 4, 9, 16, 25, 36, 49, 64, 81, 100]
Evens: [2, 4, 6, 8, 10]
Doubled odds: [2, 6, 10, 14, 18]
Flattened matrix: [1, 2, 3, 4, 5, 6, 7, 8, 9]