Hello, Alice!
Alice is 30 years old.
Alice was born around 1994.
The temperature is 23.5Â°C