10 / 2 = 5.0
Error: Cannot divide by zero!
10 / 0 = None
Finally block executed
20 / 4 = 5.0