Greeting: Hello, World!
Addition: 8
Multiplication: 28
Average: 3.0
Double of 10: 20
Square of 4: 16