=== Basic Dictionary Comprehension ===
Squares: {0: 0, 1: 1, 2: 4, 3: 9, 4: 16, 5: 25}

=== Dictionary Comprehension with Condition ===
Even squares: {0: 0, 2: 4, 4: 16, 6: 36, 8: 64}

=== Dictionary from Two Lists ===
Dict from lists: {'a': 1, 'b': 2, 'c': 3, 'd': 4}

=== Dictionary with String Manipulation ===
Word lengths: {'hello': 5, 'world': 5, 'python': 6}

=== Swap Keys and Values ===
Original: {'a': 1, 'b': 2, 'c': 3}
Swapped: {1: 'a', 2: 'b', 3: 'c'}

=== Dictionary with Nested Logic ===
Categorized: {0: 'even', 1: 'odd', 2: 'even', 3: 'odd', 4: 'even', 5: 'odd', 6: 'even', 7: 'odd', 8: 'even', 9: 'odd'}

=== Character Frequency ===
Character frequency: {'h': 1, 'e': 1, 'l': 3, 'o': 2, 'w': 1, 'r': 1, 'd': 1}

=== Basic Set Comprehension ===
Squares set: {0, 1, 4, 9, 16, 25}

=== Set Comprehension with Condition ===
Even numbers: {0, 2, 4, 6, 8, 10, 12, 14, 16, 18}

=== Set Comprehension - Unique Values ===
Original list: [1, 2, 2, 3, 3, 3, 4, 4, 4, 4]
Unique set: {1, 2, 3, 4}

=== Unique Characters ===
Unique characters: {'d', 'r', 'h', 'o', 'e', 'w', 'l'}

=== Set with Transformation ===
Lowercase set: {'python', 'programming', 'world', 'hello'}

=== Nested Dictionary Comprehension ===
Matrix dictionary:
  1: {1: 1, 2: 2, 3: 3}
  2: {1: 2, 2: 4, 3: 6}
  3: {1: 3, 2: 6, 3: 9}

=== Dictionary with Enumerate ===
Indexed items: {0: 'apple', 1: 'banana', 2: 'cherry'}

=== Set Operations ===
Even numbers: {0, 2, 4, 6, 8}
Multiples of 3: {0, 9, 3, 6}
Union: {0, 2, 3, 4, 6, 8, 9}
Intersection: {0, 6}
Difference: {8, 2, 4}
Symmetric difference: {2, 3, 4, 8, 9}

=== Conditional Values in Dict ===
Classified: {-5: 'negative', -4: 'negative', -3: 'negative', -2: 'negative', -1: 'negative', 0: 'zero', 1: 'positive', 2: 'positive', 3: 'positive', 4: 'positive', 5: 'positive'}

=== Set with Multiple Conditions ===
Numbers divisible by 2 and 3: {0, 36, 6, 42, 12, 48, 18, 24, 30}

=== Dictionary from Nested Structure ===
People: {'Alice': 25, 'Bob': 30, 'Charlie': 35}

=== Filter Dictionary Items ===
High scores (>= 90): {'Bob': 92, 'David': 95}

=== Set with Function Call ===
Unique word lengths: {11, 5, 6}

=== Complex Dictionary Comprehension ===
Student status:
  Alice: {'grade': 85, 'pass': True}
  Bob: {'grade': 92, 'pass': True}
  Charlie: {'grade': 78, 'pass': False}
  David: {'grade': 95, 'pass': True}
  Eve: {'grade': 88, 'pass': True}

=== All dict/set comprehension tests completed ===