My name is Alice and I am 25 years old.
Happy birthday! I'm now 26 years old.
My name is Bob, I'm 20 years old, and my student ID is S12345.
Student's average grade: 90.00